
=== Testing Primary/Backup Models (Key 1) ===
Testing Primary model: mistralai/mistral-large-2-instruct... FAILED: Error code: 404 - {'status': 404, 'title': 'Not Found', 'detail': "Function '7fadd4de-e22a-48e4-90e9
Testing Primary model: mistralai/mixtral-8x22b-instruct-v0.1... SUCCESS (0.23s) -> 'OK'
Testing Primary model: moonshotai/kimi-k2-instruct... SUCCESS (1.91s) -> 'OK'
Testing Primary model: moonshotai/kimi-k2-instruct-0905... SUCCESS (1.54s) -> 'OK'
Testing Primary model: qwen/qwen3-next-80b-a3b-instruct... SUCCESS (0.45s) -> 'OK'
Testing Primary model: qwen/qwq-32b... SUCCESS (0.41s) -> 'Okay, the user wants'
Testing Primary model: meta/llama-3.3-70b-instruct... SUCCESS (0.25s) -> 'OK'
Testing Primary model: meta/llama-3.1-405b-instruct... SUCCESS (0.26s) -> 'OK'
Testing Primary model: nvidia/llama-3.1-nemotron-70b-instruct... FAILED: Error code: 404 - {'status': 404, 'title': 'Not Found', 'detail': "Function '9b96341b-9791-4db9-a00d
Testing Primary model: microsoft/phi-4-mini-instruct... FAILED: Error code: 504

=== Testing Free Pool Models (Key 2) ===
Testing Free model: qwen/qwen2-7b-instruct... FAILED: Error code: 403 - {'status': 403, 'title': 'Forbidden', 'detail': 'Authorization failed'}
Testing Free model: meta/llama-3.1-8b-instruct... FAILED: Error code: 403 - {'status': 403, 'title': 'Forbidden', 'detail': 'Authorization failed'}
Testing Free model: mistralai/mistral-7b-instruct-v0.3... FAILED: Error code: 403 - {'status': 403, 'title': 'Forbidden', 'detail': 'Authorization failed'}
Testing Free model: microsoft/phi-3-mini-128k-instruct... FAILED: Error code: 403 - {'status': 403, 'title': 'Forbidden', 'detail': 'Authorization failed'}


==================================================
Model Name                                         | Status
----------------------------------------------------------------------
mistralai/mistral-large-2-instruct                 | FAIL: Error code: 404 - {'status': 404, 'title': 'Not Found', 'detail': "Function '7fadd4de-e22a-48e4-90e9
mistralai/mixtral-8x22b-instruct-v0.1              | PASS
moonshotai/kimi-k2-instruct                        | PASS
moonshotai/kimi-k2-instruct-0905                   | PASS
qwen/qwen3-next-80b-a3b-instruct                   | PASS
qwen/qwq-32b                                       | PASS
meta/llama-3.3-70b-instruct                        | PASS
meta/llama-3.1-405b-instruct                       | PASS
nvidia/llama-3.1-nemotron-70b-instruct             | FAIL: Error code: 404 - {'status': 404, 'title': 'Not Found', 'detail': "Function '9b96341b-9791-4db9-a00d
microsoft/phi-4-mini-instruct                      | FAIL: Error code: 504
qwen/qwen2-7b-instruct                             | FAIL: Error code: 403 - {'status': 403, 'title': 'Forbidden', 'detail': 'Authorization failed'}
meta/llama-3.1-8b-instruct                         | FAIL: Error code: 403 - {'status': 403, 'title': 'Forbidden', 'detail': 'Authorization failed'}
mistralai/mistral-7b-instruct-v0.3                 | FAIL: Error code: 403 - {'status': 403, 'title': 'Forbidden', 'detail': 'Authorization failed'}
microsoft/phi-3-mini-128k-instruct                 | FAIL: Error code: 403 - {'status': 403, 'title': 'Forbidden', 'detail': 'Authorization failed'}
==================================================

Summary: Tested 14 models. Found 7 failures: mistralai/mistral-large-2-instruct, nvidia/llama-3.1-nemotron-70b-instruct, microsoft/phi-4-mini-instruct, qwen/qwen2-7b-instruct, meta/llama-3.1-8b-instruct, mistralai/mistral-7b-instruct-v0.3, microsoft/phi-3-mini-128k-instruct
